
> a-citil-sdg@0.0.0 build
> vite build

[36mvite v7.3.1 [32mbuilding client environment for production...[36m[39m
transforming...
[32mΓ£ô[39m 2364 modules transformed.
rendering chunks...
computing gzip size...
[2mdist/[22m[32mindex.html                 [39m[1m[2m  0.46 kB[22m[1m[22m[2m Γöé gzip:   0.29 kB[22m
[2mdist/[22m[35massets/index-celYThPr.css  [39m[1m[2m 37.88 kB[22m[1m[22m[2m Γöé gzip:   7.40 kB[22m
[2mdist/[22m[36massets/index-Do7n4HB1.js   [39m[1m[33m660.70 kB[39m[22m[2m Γöé gzip: 193.07 kB[22m
[32mΓ£ô built in 7.72s[39m
